// Jest Snapshot v1, https://goo.gl/fbAQLP

exports[`PrivateRoute should render component if logged and save in localStorage 1`] = `
<h1>
  Private component
</h1>
`;
