// Jest Snapshot v1, https://goo.gl/fbAQLP

exports[`HooksApp should render 1`] = `
<h1>
  HooksApp
</h1>
`;
