// Jest Snapshot v1, https://goo.gl/fbAQLP

exports[`HomeScreen should render 1`] = `
<div
  className="container my-3"
>
  <h1>
    HomeScreen
  </h1>
  <hr />
  <pre>
    {
    "name": "Luis",
    "email": "luis@gmail.com"
}
  </pre>
</div>
`;
