// Jest Snapshot v1, https://goo.gl/fbAQLP

exports[`TodoAdd should render 1`] = `
<Fragment>
  <h4>
    Agregar TODO
  </h4>
  <hr />
  <form
    onSubmit={[Function]}
  >
    <input
      autoComplete="off"
      className="form-control"
      name="description"
      onChange={[Function]}
      placeholder="Ingresa la tarea"
      type="text"
      value=""
    />
    <button
      className="btn btn-primary btn-block mt-3"
      type="submit"
    >
      Agregar
    </button>
  </form>
</Fragment>
`;
